// Jest Snapshot v1, https://goo.gl/fbAQLP

exports[`HelloWorld  content renders correctly 1`] = `
<div
  className="sc-bdVaJa dKFFjg"
>
  Hello 
  Click me
  !
</div>
`;
